
real	0m0.004s
user	0m0.004s
sys	0m0.001s

real	0m0.002s
user	0m0.003s
sys	0m0.000s

real	0m0.004s
user	0m0.005s
sys	0m0.000s

real	0m0.013s
user	0m0.013s
sys	0m0.000s

real	0m0.002s
user	0m0.002s
sys	0m0.000s

real	0m0.002s
user	0m0.001s
sys	0m0.002s
